[onega@localhost hellocassandra]$ thrift -gen cpp /home/onega/bin/apache-cassandra-3.9/interface/cassandra.thrift
[onega@localhost hellocassandra]$ ls
gen-cpp  notes.txt
[onega@localhost hellocassandra]$ find gen-cpp/
gen-cpp/
gen-cpp/cassandra_types.h
gen-cpp/cassandra_types.cpp
gen-cpp/cassandra_constants.h
gen-cpp/cassandra_constants.cpp
gen-cpp/Cassandra.h
gen-cpp/Cassandra.cpp
gen-cpp/Cassandra_server.skeleton.cpp

[onega@localhost hellocassandra]$ sed -i "s/apache::thrift::protocol::TInputRecursionTracker/::apache::thrift::protocol::TInputRecursionTracker/" gen-cpp/Cassandra.cpp gen-cpp/cassandra_types.cpp
[onega@localhost hellocassandra]$ sed -i "s/apache::thrift::protocol::TOutputRecursionTracker/::apache::thrift::protocol::TOutputRecursionTracker/" gen-cpp/Cassandra.cpp gen-cpp/cassandra_types.cpp

[onega@localhost hellocassandra]$ make
g++ -o hellocassandra -g -I gen-cpp -I /home/onega/src/thrift-0.9.3/lib/cpp/src/thrift hellocassandra.cpp gen-cpp/cassandra_types.cpp gen-cpp/cassandra_constants.cpp gen-cpp/Cassandra.cpp
In file included from /usr/local/include/thrift/thrift-config.h:23:0,
                 from /usr/local/include/thrift/Thrift.h:25,
                 from gen-cpp/cassandra_types.h:12,
                 from gen-cpp/cassandra_constants.h:10,
                 from gen-cpp/cassandra_constants.cpp:7:
gen-cpp/cassandra_constants.h:18:15: error: expected unqualified-id before string constant
   std::string VERSION;
               ^
gen-cpp/cassandra_constants.cpp: In constructor ‘org::apache::cassandra::cassandraConstants::cassandraConstants()’:
gen-cpp/cassandra_constants.cpp:14:11: error: assignment of read-only location ‘"0.9.3"’
   VERSION = "20.1.0";
           ^
gen-cpp/cassandra_constants.cpp:14:11: error: incompatible types in assignment of ‘const char [7]’ to ‘const char [6]’
make: *** [hellocassandra] Error 1

It is due to /usr/local/include/thrift/config.h:#define VERSION "0.9.3"
solution: change cassandra_constants.cpp  cassandra_constants.h
#pragma push_macro("VERSION")
#undef VERSION
namespace org { namespace apache { namespace cassandra {

class cassandraConstants {
 public:
  cassandraConstants();

  std::string VERSION;
};

extern const cassandraConstants g_cassandra_constants;

}}} // namespace
#pragma pop_macro("VERSION")



[onega@localhost bin]$ apache-cassandra-3.9/bin/cassandra -f
CompilerOracle: dontinline org/apache/cassandra/db/Columns$Serializer.deserializeLargeSubset (Lorg/apache/cassandra/io/util/DataInputPlus;Lorg/apache/cassandra/db/Columns;I)Lorg/apache/cassandra/db/Columns;
CompilerOracle: dontinline org/apache/cassandra/db/Columns$Serializer.serializeLargeSubset (Ljava/util/Collection;ILorg/apache/cassandra/db/Columns;ILorg/apache/cassandra/io/util/DataOutputPlus;)V
CompilerOracle: dontinline org/apache/cassandra/db/Columns$Serializer.serializeLargeSubsetSize (Ljava/util/Collection;ILorg/apache/cassandra/db/Columns;I)I
CompilerOracle: dontinline org/apache/cassandra/db/transform/BaseIterator.tryGetMoreContents ()Z
CompilerOracle: dontinline org/apache/cassandra/db/transform/StoppingTransformation.stop ()V
CompilerOracle: dontinline org/apache/cassandra/db/transform/StoppingTransformation.stopInPartition ()V
CompilerOracle: dontinline org/apache/cassandra/io/util/BufferedDataOutputStreamPlus.doFlush (I)V
CompilerOracle: dontinline org/apache/cassandra/io/util/BufferedDataOutputStreamPlus.writeExcessSlow ()V
CompilerOracle: dontinline org/apache/cassandra/io/util/BufferedDataOutputStreamPlus.writeSlow (JI)V
CompilerOracle: dontinline org/apache/cassandra/io/util/RebufferingInputStream.readPrimitiveSlowly (I)J
CompilerOracle: inline org/apache/cassandra/db/rows/UnfilteredSerializer.serializeRowBody (Lorg/apache/cassandra/db/rows/Row;ILorg/apache/cassandra/db/SerializationHeader;Lorg/apache/cassandra/io/util/DataOutputPlus;)V
CompilerOracle: inline org/apache/cassandra/io/util/Memory.checkBounds (JJ)V
CompilerOracle: inline org/apache/cassandra/io/util/SafeMemory.checkBounds (JJ)V
CompilerOracle: inline org/apache/cassandra/utils/AsymmetricOrdering.selectBoundary (Lorg/apache/cassandra/utils/AsymmetricOrdering/Op;II)I
CompilerOracle: inline org/apache/cassandra/utils/AsymmetricOrdering.strictnessOfLessThan (Lorg/apache/cassandra/utils/AsymmetricOrdering/Op;)I
CompilerOracle: inline org/apache/cassandra/utils/BloomFilter.indexes (Lorg/apache/cassandra/utils/IFilter/FilterKey;)[J
CompilerOracle: inline org/apache/cassandra/utils/BloomFilter.setIndexes (JJIJ[J)V
CompilerOracle: inline org/apache/cassandra/utils/ByteBufferUtil.compare (Ljava/nio/ByteBuffer;[B)I
CompilerOracle: inline org/apache/cassandra/utils/ByteBufferUtil.compare ([BLjava/nio/ByteBuffer;)I
CompilerOracle: inline org/apache/cassandra/utils/ByteBufferUtil.compareUnsigned (Ljava/nio/ByteBuffer;Ljava/nio/ByteBuffer;)I
CompilerOracle: inline org/apache/cassandra/utils/FastByteOperations$UnsafeOperations.compareTo (Ljava/lang/Object;JILjava/lang/Object;JI)I
CompilerOracle: inline org/apache/cassandra/utils/FastByteOperations$UnsafeOperations.compareTo (Ljava/lang/Object;JILjava/nio/ByteBuffer;)I
CompilerOracle: inline org/apache/cassandra/utils/FastByteOperations$UnsafeOperations.compareTo (Ljava/nio/ByteBuffer;Ljava/nio/ByteBuffer;)I
CompilerOracle: inline org/apache/cassandra/utils/vint/VIntCoding.encodeVInt (JI)[B
INFO  05:27:30 Configuration location: file:/home/onega/bin/apache-cassandra-3.9/conf/cassandra.yaml
INFO  05:27:31 Node configuration:[allocate_tokens_for_keyspace=null; authenticator=AllowAllAuthenticator; authorizer=AllowAllAuthorizer; auto_bootstrap=true; auto_snapshot=true; batch_size_fail_threshold_in_kb=50; batch_size_warn_threshold_in_kb=5; batchlog_replay_throttle_in_kb=1024; broadcast_address=null; broadcast_rpc_address=null; buffer_pool_use_heap_if_exhausted=true; cas_contention_timeout_in_ms=1000; cdc_enabled=false; cdc_free_space_check_interval_ms=250; cdc_raw_directory=null; cdc_total_space_in_mb=null; client_encryption_options=<REDACTED>; cluster_name=Test Cluster; column_index_cache_size_in_kb=2; column_index_size_in_kb=64; commit_failure_policy=stop; commitlog_compression=null; commitlog_directory=null; commitlog_max_compression_buffers_in_pool=3; commitlog_periodic_queue_size=-1; commitlog_segment_size_in_mb=32; commitlog_sync=periodic; commitlog_sync_batch_window_in_ms=null; commitlog_sync_period_in_ms=10000; commitlog_total_space_in_mb=null; compaction_large_partition_warning_threshold_mb=100; compaction_throughput_mb_per_sec=16; concurrent_compactors=null; concurrent_counter_writes=32; concurrent_materialized_view_writes=32; concurrent_reads=32; concurrent_replicates=null; concurrent_writes=32; counter_cache_keys_to_save=2147483647; counter_cache_save_period=7200; counter_cache_size_in_mb=null; counter_write_request_timeout_in_ms=5000; credentials_cache_max_entries=1000; credentials_update_interval_in_ms=-1; credentials_validity_in_ms=2000; cross_node_timeout=false; data_file_directories=[Ljava.lang.String;@4c1d9d4b; disk_access_mode=auto; disk_failure_policy=stop; disk_optimization_estimate_percentile=0.95; disk_optimization_page_cross_chance=0.1; disk_optimization_strategy=ssd; dynamic_snitch=true; dynamic_snitch_badness_threshold=0.1; dynamic_snitch_reset_interval_in_ms=600000; dynamic_snitch_update_interval_in_ms=100; enable_scripted_user_defined_functions=false; enable_user_defined_functions=false; enable_user_defined_functions_threads=true; encryption_options=null; endpoint_snitch=SimpleSnitch; file_cache_size_in_mb=null; gc_log_threshold_in_ms=200; gc_warn_threshold_in_ms=1000; hinted_handoff_disabled_datacenters=[]; hinted_handoff_enabled=true; hinted_handoff_throttle_in_kb=1024; hints_compression=null; hints_directory=null; hints_flush_period_in_ms=10000; incremental_backups=false; index_interval=null; index_summary_capacity_in_mb=null; index_summary_resize_interval_in_minutes=60; initial_token=null; inter_dc_stream_throughput_outbound_megabits_per_sec=200; inter_dc_tcp_nodelay=false; internode_authenticator=null; internode_compression=dc; internode_recv_buff_size_in_bytes=null; internode_send_buff_size_in_bytes=null; key_cache_keys_to_save=2147483647; key_cache_save_period=14400; key_cache_size_in_mb=null; listen_address=localhost; listen_interface=null; listen_interface_prefer_ipv6=false; listen_on_broadcast_address=false; max_hint_window_in_ms=10800000; max_hints_delivery_threads=2; max_hints_file_size_in_mb=128; max_mutation_size_in_kb=null; max_streaming_retries=3; max_value_size_in_mb=256; memtable_allocation_type=heap_buffers; memtable_cleanup_threshold=null; memtable_flush_writers=1; memtable_heap_space_in_mb=null; memtable_offheap_space_in_mb=null; min_free_space_per_drive_in_mb=50; native_transport_max_concurrent_connections=-1; native_transport_max_concurrent_connections_per_ip=-1; native_transport_max_frame_size_in_mb=256; native_transport_max_threads=128; native_transport_port=9042; native_transport_port_ssl=null; num_tokens=256; otc_coalescing_strategy=TIMEHORIZON; otc_coalescing_window_us=200; partitioner=org.apache.cassandra.dht.Murmur3Partitioner; permissions_cache_max_entries=1000; permissions_update_interval_in_ms=-1; permissions_validity_in_ms=2000; phi_convict_threshold=8.0; prepared_statements_cache_size_mb=null; range_request_timeout_in_ms=10000; read_request_timeout_in_ms=5000; request_scheduler=org.apache.cassandra.scheduler.NoScheduler; request_scheduler_id=null; request_scheduler_options=null; request_timeout_in_ms=10000; role_manager=CassandraRoleManager; roles_cache_max_entries=1000; roles_update_interval_in_ms=-1; roles_validity_in_ms=2000; row_cache_class_name=org.apache.cassandra.cache.OHCProvider; row_cache_keys_to_save=2147483647; row_cache_save_period=0; row_cache_size_in_mb=0; rpc_address=localhost; rpc_interface=null; rpc_interface_prefer_ipv6=false; rpc_keepalive=true; rpc_listen_backlog=50; rpc_max_threads=2147483647; rpc_min_threads=16; rpc_port=9160; rpc_recv_buff_size_in_bytes=null; rpc_send_buff_size_in_bytes=null; rpc_server_type=sync; saved_caches_directory=null; seed_provider=org.apache.cassandra.locator.SimpleSeedProvider{seeds=127.0.0.1}; server_encryption_options=<REDACTED>; snapshot_before_compaction=false; ssl_storage_port=7001; sstable_preemptive_open_interval_in_mb=50; start_native_transport=true; start_rpc=true; storage_port=7000; stream_throughput_outbound_megabits_per_sec=200; streaming_socket_timeout_in_ms=86400000; thrift_framed_transport_size_in_mb=15; thrift_max_message_length_in_mb=16; thrift_prepared_statements_cache_size_mb=null; tombstone_failure_threshold=100000; tombstone_warn_threshold=1000; tracetype_query_ttl=86400; tracetype_repair_ttl=604800; transparent_data_encryption_options=org.apache.cassandra.config.TransparentDataEncryptionOptions@7b227d8d; trickle_fsync=false; trickle_fsync_interval_in_kb=10240; truncate_request_timeout_in_ms=60000; unlogged_batch_across_partitions_warn_threshold=10; user_defined_function_fail_timeout=1500; user_defined_function_warn_timeout=500; user_function_timeout_policy=die; windows_timer_interval=1; write_request_timeout_in_ms=2000]
INFO  05:27:31 DiskAccessMode 'auto' determined to be mmap, indexAccessMode is mmap
INFO  05:27:31 Global memtable on-heap threshold is enabled at 358MB
INFO  05:27:31 Global memtable off-heap threshold is enabled at 358MB
WARN  05:27:31 Small commitlog volume detected at apache-cassandra-3.9/bin/../data/commitlog; setting commitlog_total_space_in_mb to 5161.  You can override this in cassandra.yaml
WARN  05:27:31 Small cdc volume detected at apache-cassandra-3.9/bin/../data/cdc_raw; setting cdc_total_space_in_mb to 2580.  You can override this in cassandra.yaml
WARN  05:27:31 Only 8.557GiB free across all data volumes. Consider adding more capacity to your cluster or removing obsolete snapshots
INFO  05:27:31 Hostname: localhost
INFO  05:27:31 JVM vendor/version: OpenJDK 64-Bit Server VM/1.8.0_60
INFO  05:27:31 Heap size: 1.398GiB/1.398GiB
INFO  05:27:31 Code Cache Non-heap memory: init = 2555904(2496K) used = 3912960(3821K) committed = 3932160(3840K) max = 251658240(245760K)
INFO  05:27:31 Metaspace Non-heap memory: init = 0(0K) used = 16975288(16577K) committed = 17563648(17152K) max = -1(-1K)
INFO  05:27:31 Compressed Class Space Non-heap memory: init = 0(0K) used = 1949120(1903K) committed = 2097152(2048K) max = 1073741824(1048576K)
INFO  05:27:31 Par Eden Space Heap memory: init = 167772160(163840K) used = 80675872(78785K) committed = 167772160(163840K) max = 167772160(163840K)
INFO  05:27:31 Par Survivor Space Heap memory: init = 20971520(20480K) used = 0(0K) committed = 20971520(20480K) max = 20971520(20480K)
INFO  05:27:31 CMS Old Gen Heap memory: init = 1312817152(1282048K) used = 0(0K) committed = 1312817152(1282048K) max = 1312817152(1282048K)
INFO  05:27:31 Classpath: apache-cassandra-3.9/bin/../conf:apache-cassandra-3.9/bin/../build/classes/main:apache-cassandra-3.9/bin/../build/classes/thrift:apache-cassandra-3.9/bin/../lib/airline-0.6.jar:apache-cassandra-3.9/bin/../lib/antlr-runtime-3.5.2.jar:apache-cassandra-3.9/bin/../lib/apache-cassandra-3.9.jar:apache-cassandra-3.9/bin/../lib/apache-cassandra-clientutil-3.9.jar:apache-cassandra-3.9/bin/../lib/apache-cassandra-thrift-3.9.jar:apache-cassandra-3.9/bin/../lib/asm-5.0.4.jar:apache-cassandra-3.9/bin/../lib/caffeine-2.2.6.jar:apache-cassandra-3.9/bin/../lib/cassandra-driver-core-3.0.1-shaded.jar:apache-cassandra-3.9/bin/../lib/commons-cli-1.1.jar:apache-cassandra-3.9/bin/../lib/commons-codec-1.2.jar:apache-cassandra-3.9/bin/../lib/commons-lang3-3.1.jar:apache-cassandra-3.9/bin/../lib/commons-math3-3.2.jar:apache-cassandra-3.9/bin/../lib/compress-lzf-0.8.4.jar:apache-cassandra-3.9/bin/../lib/concurrentlinkedhashmap-lru-1.4.jar:apache-cassandra-3.9/bin/../lib/concurrent-trees-2.4.0.jar:apache-cassandra-3.9/bin/../lib/disruptor-3.0.1.jar:apache-cassandra-3.9/bin/../lib/ecj-4.4.2.jar:apache-cassandra-3.9/bin/../lib/guava-18.0.jar:apache-cassandra-3.9/bin/../lib/HdrHistogram-2.1.9.jar:apache-cassandra-3.9/bin/../lib/high-scale-lib-1.0.6.jar:apache-cassandra-3.9/bin/../lib/hppc-0.5.4.jar:apache-cassandra-3.9/bin/../lib/jackson-core-asl-1.9.2.jar:apache-cassandra-3.9/bin/../lib/jackson-mapper-asl-1.9.2.jar:apache-cassandra-3.9/bin/../lib/jamm-0.3.0.jar:apache-cassandra-3.9/bin/../lib/javax.inject.jar:apache-cassandra-3.9/bin/../lib/jbcrypt-0.3m.jar:apache-cassandra-3.9/bin/../lib/jcl-over-slf4j-1.7.7.jar:apache-cassandra-3.9/bin/../lib/jflex-1.6.0.jar:apache-cassandra-3.9/bin/../lib/jna-4.0.0.jar:apache-cassandra-3.9/bin/../lib/joda-time-2.4.jar:apache-cassandra-3.9/bin/../lib/json-simple-1.1.jar:apache-cassandra-3.9/bin/../lib/libthrift-0.9.2.jar:apache-cassandra-3.9/bin/../lib/log4j-over-slf4j-1.7.7.jar:apache-cassandra-3.9/bin/../lib/logback-classic-1.1.3.jar:apache-cassandra-3.9/bin/../lib/logback-core-1.1.3.jar:apache-cassandra-3.9/bin/../lib/lz4-1.3.0.jar:apache-cassandra-3.9/bin/../lib/metrics-core-3.1.0.jar:apache-cassandra-3.9/bin/../lib/metrics-jvm-3.1.0.jar:apache-cassandra-3.9/bin/../lib/metrics-logback-3.1.0.jar:apache-cassandra-3.9/bin/../lib/netty-all-4.0.39.Final.jar:apache-cassandra-3.9/bin/../lib/ohc-core-0.4.3.jar:apache-cassandra-3.9/bin/../lib/ohc-core-j8-0.4.3.jar:apache-cassandra-3.9/bin/../lib/primitive-1.0.jar:apache-cassandra-3.9/bin/../lib/reporter-config3-3.0.0.jar:apache-cassandra-3.9/bin/../lib/reporter-config-base-3.0.0.jar:apache-cassandra-3.9/bin/../lib/sigar-1.6.4.jar:apache-cassandra-3.9/bin/../lib/slf4j-api-1.7.7.jar:apache-cassandra-3.9/bin/../lib/snakeyaml-1.11.jar:apache-cassandra-3.9/bin/../lib/snappy-java-1.1.1.7.jar:apache-cassandra-3.9/bin/../lib/snowball-stemmer-1.3.0.581.1.jar:apache-cassandra-3.9/bin/../lib/ST4-4.0.8.jar:apache-cassandra-3.9/bin/../lib/stream-2.5.2.jar:apache-cassandra-3.9/bin/../lib/thrift-server-0.3.7.jar:apache-cassandra-3.9/bin/../lib/jsr223/*/*.jar:apache-cassandra-3.9/bin/../lib/jamm-0.3.0.jar
INFO  05:27:31 JVM Arguments: [-Xloggc:apache-cassandra-3.9/bin/../logs/gc.log, -ea, -XX:+UseThreadPriorities, -XX:ThreadPriorityPolicy=42, -XX:+HeapDumpOnOutOfMemoryError, -Xss256k, -XX:StringTableSize=1000003, -XX:+AlwaysPreTouch, -XX:-UseBiasedLocking, -XX:+UseTLAB, -XX:+ResizeTLAB, -XX:+PerfDisableSharedMem, -Djava.net.preferIPv4Stack=true, -XX:+UseParNewGC, -XX:+UseConcMarkSweepGC, -XX:+CMSParallelRemarkEnabled, -XX:SurvivorRatio=8, -XX:MaxTenuringThreshold=1, -XX:CMSInitiatingOccupancyFraction=75, -XX:+UseCMSInitiatingOccupancyOnly, -XX:CMSWaitDuration=10000, -XX:+CMSParallelInitialMarkEnabled, -XX:+CMSEdenChunksRecordAlways, -XX:+CMSClassUnloadingEnabled, -XX:+PrintGCDetails, -XX:+PrintGCDateStamps, -XX:+PrintHeapAtGC, -XX:+PrintTenuringDistribution, -XX:+PrintGCApplicationStoppedTime, -XX:+PrintPromotionFailure, -XX:+UseGCLogFileRotation, -XX:NumberOfGCLogFiles=10, -XX:GCLogFileSize=10M, -Xms1452M, -Xmx1452M, -Xmn200M, -XX:CompileCommandFile=apache-cassandra-3.9/bin/../conf/hotspot_compiler, -javaagent:apache-cassandra-3.9/bin/../lib/jamm-0.3.0.jar, -Dcassandra.jmx.local.port=7199, -Dcom.sun.management.jmxremote.authenticate=false, -Dcom.sun.management.jmxremote.password.file=/etc/cassandra/jmxremote.password, -Djava.library.path=apache-cassandra-3.9/bin/../lib/sigar-bin, -Dlogback.configurationFile=logback.xml, -Dcassandra.logdir=apache-cassandra-3.9/bin/../logs, -Dcassandra.storagedir=apache-cassandra-3.9/bin/../data, -Dcassandra-foreground=yes]
WARN  05:27:31 Unable to lock JVM memory (ENOMEM). This can result in part of the JVM being swapped out, especially with mmapped I/O enabled. Increase RLIMIT_MEMLOCK or run Cassandra as root.
WARN  05:27:31 jemalloc shared library could not be preloaded to speed up memory allocations
WARN  05:27:31 JMX is not enabled to receive remote connections. Please see cassandra-env.sh for more info.
WARN  05:27:31 OpenJDK is not recommended. Please upgrade to the newest Oracle Java release
INFO  05:27:31 Initializing SIGAR library
WARN  05:27:32 Cassandra server running in degraded mode. Is swap disabled? : false,  Address space adequate? : true,  nofile limit adequate? : false, nproc limit adequate? : true 
INFO  05:27:32 Initialized prepared statement caches with 10 MB (native) and 10 MB (Thrift)
INFO  05:27:33 Initializing system.IndexInfo
INFO  05:27:34 Initializing system.batches
INFO  05:27:34 Initializing system.paxos
INFO  05:27:34 Initializing system.local
INFO  05:27:34 Global buffer pool is enabled, when pool is exhausted (max is 358.000MiB) it will allocate on heap
INFO  05:27:34 Initializing key cache with capacity of 71 MBs.
INFO  05:27:34 Initializing row cache with capacity of 0 MBs
INFO  05:27:34 Initializing counter cache with capacity of 35 MBs
INFO  05:27:34 Scheduling counter cache save to every 7200 seconds (going to save all keys).
INFO  05:27:34 Initializing system.peers
INFO  05:27:34 Initializing system.peer_events
INFO  05:27:34 Initializing system.range_xfers
INFO  05:27:34 Initializing system.compaction_history
INFO  05:27:35 Initializing system.sstable_activity
INFO  05:27:35 Initializing system.size_estimates
INFO  05:27:35 Initializing system.available_ranges
INFO  05:27:35 Initializing system.views_builds_in_progress
INFO  05:27:35 Initializing system.built_views
INFO  05:27:35 Initializing system.hints
INFO  05:27:35 Initializing system.batchlog
INFO  05:27:35 Initializing system.schema_keyspaces
INFO  05:27:35 Initializing system.schema_columnfamilies
INFO  05:27:35 Initializing system.schema_columns
INFO  05:27:35 Initializing system.schema_triggers
INFO  05:27:35 Initializing system.schema_usertypes
INFO  05:27:35 Initializing system.schema_functions
INFO  05:27:35 Initializing system.schema_aggregates
INFO  05:27:35 Not submitting build tasks for views in keyspace system as storage service is not initialized
INFO  05:27:35 Configured JMX server at: service:jmx:rmi://127.0.0.1/jndi/rmi://127.0.0.1:7199/jmxrmi
INFO  05:27:36 Populating token metadata from system tables
INFO  05:27:36 Token metadata: Normal Tokens:
localhost/127.0.0.1:[-8972077512864888070, -8903864495918013792, -8804980819440960355, -8779571580566925716, -8762562558397500651, -8736628446973024678, -8715320753706500892, -8511969763080927070, -8475024453741024171, -8443389396544614871, -8440041129288114908, -8429685273961125764, -8355397304545628401, -8316346403418486079, -8199876594462579854, -8106732584167405557, -8075325499394706620, -7987648386108152667, -7947535876735791384, -7723520120009943177, -7629550999679253126, -7625867893438308675, -7512461752657471773, -7511951457630149416, -7435833439075645242, -7374767978383494214, -7342474114649714317, -7195994678673997182, -7194835856991821682, -7102392680547153449, -7078924869134101456, -7077624744837966894, -7064793682925277634, -7010897726191323819, -6963899857280761422, -6916144292138581956, -6914453414097915120, -6788302587599779013, -6783376399801676098, -6646776707528404375, -6610123920761540245, -6478913774279111565, -6308371279685863830, -6260136418308099659, -6142560452964524017, -6093048442990579218, -6064923528685323070, -6051556862004280540, -5939198155133699574, -5862454395495612149, -5793003476806206590, -5772337706873563350, -5673166535176430552, -5654424011143581863, -5647602840661317500, -5583426797101124129, -5435083962504975640, -5396500531890079612, -5383002074386488944, -5366452580758040578, -5329915704263102182, -5248956697148777747, -5150574464258280885, -5018761984600323452, -4971577788988359474, -4810250404467606420, -4774276968629968744, -4718595786992170963, -4586558221137407007, -4458424673724035466, -4431564574334557018, -4364953394733477877, -4354082861071411019, -4331893496632534940, -4253651657774091911, -4166557368383161826, -4157829118108011547, -4044777031446198775, -3792895913597306589, -3747435359116545672, -3711125203955440610, -3672837113621939484, -3635546825712072445, -3620252712718180456, -3610650308475537780, -3598230339248872265, -3560086665296621705, -3383063843210147106, -3316384733350591800, -3255830688912152182, -3208500394702528580, -3108681810526319316, -3001413662691588342, -2982147337722289765, -2855883983636819316, -2849924827390655503, -2828442934372259356, -2788105534161176895, -2745998190707433487, -2473581693296475399, -2229951219170786232, -2180388847376883589, -1946822574102629489, -1943372469344634312, -1874012944694536800, -1585502316046911068, -1576615937327689677, -1469469360995387650, -1242756466679283540, -1144349048718071996, -1093048909413284072, -1075322343307755642, -938294524115306427, -920407087539963987, -720422156945526291, -669125670967779894, -641851634709444956, -637840956167512047, -623460551224590911, -590355934160179770, -545755075788192268, -468078903237929487, -443846664315185458, -421471364535745989, -264605683582069798, -206814961081201476, -183117560906928451, -6295665348318643, 85593817001689227, 355548696780693574, 393662569418180691, 434382540600713822, 435630915511281016, 749390203312574561, 791322631695344538, 804616661451101668, 914436210139923626, 932411129597129829, 943600034903245272, 1001900211972111092, 1009718437429895309, 1106879931405604569, 1138256437045270096, 1252873663369839606, 1350224528024559423, 1378341353756207623, 1421493026467744839, 1425584785272768277, 1426395090914607260, 1551941178602496146, 1568666598626081334, 1577470529332943848, 1595004646840607109, 1636518214693856043, 1905829250090236007, 1991374857284122005, 2091306174854239028, 2093588494309293968, 2122188403247463414, 2150360902879985837, 2255305436056730555, 2260488508565015392, 2265782538334457544, 2288490315181451589, 2485499503064841429, 2600896832463663318, 2714360747927878608, 2727822597979793230, 2985630067088077461, 3079294651147774836, 3211190197810624129, 3263892797270207523, 3326560516232485018, 3407500794338190365, 3494523682159469793, 3663085744734164500, 3702074675163031745, 3747751058404848180, 3884023284924950185, 3937243739196059262, 3963506929461229419, 3967900045320559340, 4000230887952198202, 4029653412028152146, 4089736421105391991, 4099107158150608886, 4200089268031039040, 4270004429668727856, 4302277329937769847, 4398944801218215378, 4535398302449001757, 4620068058678371753, 4712916174899838348, 4745941121945339022, 4899256842587084957, 4900282296325950693, 5007601205000693311, 5024334319721827913, 5266700855680783646, 5271942156362127249, 5272666691207141850, 5483358958313462650, 5514137873638799251, 5563746375851505355, 5659827213106289365, 6085570283832014312, 6135330795277286440, 6218389519087460779, 6240404416624946502, 6458637525852975009, 6463900736277366831, 6528095086156828029, 6611390299134170482, 6632580975073215229, 6633343108518446816, 6678267740220490682, 6874839381988491725, 6911309907502556499, 6978508035549668311, 7026205823739264718, 7061454820343371861, 7090816492962635006, 7114537998137701994, 7117728736182639084, 7123503820110251908, 7266638692131339430, 7273506926909330968, 7289250342730755337, 7307487514789249543, 7461609465551338062, 7552155857868676482, 7628808608619219850, 7713604239011132892, 7770541594605433726, 7947118244101593887, 7986634181360166045, 8051695588204562451, 8200678969854342643, 8283707551099955694, 8375758964769878293, 8418516791895562584, 8494067020909345650, 8519739238460371039, 8550926826065700759, 8687972490233312118, 8753624891867743017, 8766314759443754556, 8781868378794949623, 8827480057329800448, 8917857736284717180, 8933857277021588633, 8994607186773536806, 9047129201210338061, 9053318406518648857, 9125265173453751862, 9198819063741704390]

INFO  05:27:36 Initializing system_schema.keyspaces
INFO  05:27:36 Initializing system_schema.tables
INFO  05:27:36 Initializing system_schema.columns
INFO  05:27:36 Initializing system_schema.triggers
INFO  05:27:36 Initializing system_schema.dropped_columns
INFO  05:27:37 Initializing system_schema.views
INFO  05:27:37 Initializing system_schema.types
INFO  05:27:37 Initializing system_schema.functions
INFO  05:27:37 Initializing system_schema.aggregates
INFO  05:27:37 Initializing system_schema.indexes
INFO  05:27:37 Not submitting build tasks for views in keyspace system_schema as storage service is not initialized
INFO  05:27:37 Initializing system_distributed.parent_repair_history
INFO  05:27:37 Initializing system_distributed.repair_history
INFO  05:27:37 Initializing system_distributed.view_build_status
INFO  05:27:37 Not submitting build tasks for views in keyspace system_distributed as storage service is not initialized
INFO  05:27:37 Initializing system_auth.resource_role_permissons_index
INFO  05:27:37 Initializing system_auth.role_members
INFO  05:27:37 Initializing system_auth.role_permissions
INFO  05:27:37 Initializing system_auth.roles
INFO  05:27:37 Not submitting build tasks for views in keyspace system_auth as storage service is not initialized
INFO  05:27:37 Initializing system_traces.events
INFO  05:27:37 Initializing system_traces.sessions
INFO  05:27:37 Not submitting build tasks for views in keyspace system_traces as storage service is not initialized
INFO  05:27:37 Completed loading (6 ms; 11 keys) KeyCache cache
INFO  05:27:37 Replaying apache-cassandra-3.9/bin/../data/commitlog/CommitLog-6-1477858557281.log, apache-cassandra-3.9/bin/../data/commitlog/CommitLog-6-1477858557282.log
INFO  05:27:38 Log replay complete, 35 replayed mutations
INFO  05:27:38 Populating token metadata from system tables
INFO  05:27:38 Token metadata: Normal Tokens:
localhost/127.0.0.1:[-8972077512864888070, -8903864495918013792, -8804980819440960355, -8779571580566925716, -8762562558397500651, -8736628446973024678, -8715320753706500892, -8511969763080927070, -8475024453741024171, -8443389396544614871, -8440041129288114908, -8429685273961125764, -8355397304545628401, -8316346403418486079, -8199876594462579854, -8106732584167405557, -8075325499394706620, -7987648386108152667, -7947535876735791384, -7723520120009943177, -7629550999679253126, -7625867893438308675, -7512461752657471773, -7511951457630149416, -7435833439075645242, -7374767978383494214, -7342474114649714317, -7195994678673997182, -7194835856991821682, -7102392680547153449, -7078924869134101456, -7077624744837966894, -7064793682925277634, -7010897726191323819, -6963899857280761422, -6916144292138581956, -6914453414097915120, -6788302587599779013, -6783376399801676098, -6646776707528404375, -6610123920761540245, -6478913774279111565, -6308371279685863830, -6260136418308099659, -6142560452964524017, -6093048442990579218, -6064923528685323070, -6051556862004280540, -5939198155133699574, -5862454395495612149, -5793003476806206590, -5772337706873563350, -5673166535176430552, -5654424011143581863, -5647602840661317500, -5583426797101124129, -5435083962504975640, -5396500531890079612, -5383002074386488944, -5366452580758040578, -5329915704263102182, -5248956697148777747, -5150574464258280885, -5018761984600323452, -4971577788988359474, -4810250404467606420, -4774276968629968744, -4718595786992170963, -4586558221137407007, -4458424673724035466, -4431564574334557018, -4364953394733477877, -4354082861071411019, -4331893496632534940, -4253651657774091911, -4166557368383161826, -4157829118108011547, -4044777031446198775, -3792895913597306589, -3747435359116545672, -3711125203955440610, -3672837113621939484, -3635546825712072445, -3620252712718180456, -3610650308475537780, -3598230339248872265, -3560086665296621705, -3383063843210147106, -3316384733350591800, -3255830688912152182, -3208500394702528580, -3108681810526319316, -3001413662691588342, -2982147337722289765, -2855883983636819316, -2849924827390655503, -2828442934372259356, -2788105534161176895, -2745998190707433487, -2473581693296475399, -2229951219170786232, -2180388847376883589, -1946822574102629489, -1943372469344634312, -1874012944694536800, -1585502316046911068, -1576615937327689677, -1469469360995387650, -1242756466679283540, -1144349048718071996, -1093048909413284072, -1075322343307755642, -938294524115306427, -920407087539963987, -720422156945526291, -669125670967779894, -641851634709444956, -637840956167512047, -623460551224590911, -590355934160179770, -545755075788192268, -468078903237929487, -443846664315185458, -421471364535745989, -264605683582069798, -206814961081201476, -183117560906928451, -6295665348318643, 85593817001689227, 355548696780693574, 393662569418180691, 434382540600713822, 435630915511281016, 749390203312574561, 791322631695344538, 804616661451101668, 914436210139923626, 932411129597129829, 943600034903245272, 1001900211972111092, 1009718437429895309, 1106879931405604569, 1138256437045270096, 1252873663369839606, 1350224528024559423, 1378341353756207623, 1421493026467744839, 1425584785272768277, 1426395090914607260, 1551941178602496146, 1568666598626081334, 1577470529332943848, 1595004646840607109, 1636518214693856043, 1905829250090236007, 1991374857284122005, 2091306174854239028, 2093588494309293968, 2122188403247463414, 2150360902879985837, 2255305436056730555, 2260488508565015392, 2265782538334457544, 2288490315181451589, 2485499503064841429, 2600896832463663318, 2714360747927878608, 2727822597979793230, 2985630067088077461, 3079294651147774836, 3211190197810624129, 3263892797270207523, 3326560516232485018, 3407500794338190365, 3494523682159469793, 3663085744734164500, 3702074675163031745, 3747751058404848180, 3884023284924950185, 3937243739196059262, 3963506929461229419, 3967900045320559340, 4000230887952198202, 4029653412028152146, 4089736421105391991, 4099107158150608886, 4200089268031039040, 4270004429668727856, 4302277329937769847, 4398944801218215378, 4535398302449001757, 4620068058678371753, 4712916174899838348, 4745941121945339022, 4899256842587084957, 4900282296325950693, 5007601205000693311, 5024334319721827913, 5266700855680783646, 5271942156362127249, 5272666691207141850, 5483358958313462650, 5514137873638799251, 5563746375851505355, 5659827213106289365, 6085570283832014312, 6135330795277286440, 6218389519087460779, 6240404416624946502, 6458637525852975009, 6463900736277366831, 6528095086156828029, 6611390299134170482, 6632580975073215229, 6633343108518446816, 6678267740220490682, 6874839381988491725, 6911309907502556499, 6978508035549668311, 7026205823739264718, 7061454820343371861, 7090816492962635006, 7114537998137701994, 7117728736182639084, 7123503820110251908, 7266638692131339430, 7273506926909330968, 7289250342730755337, 7307487514789249543, 7461609465551338062, 7552155857868676482, 7628808608619219850, 7713604239011132892, 7770541594605433726, 7947118244101593887, 7986634181360166045, 8051695588204562451, 8200678969854342643, 8283707551099955694, 8375758964769878293, 8418516791895562584, 8494067020909345650, 8519739238460371039, 8550926826065700759, 8687972490233312118, 8753624891867743017, 8766314759443754556, 8781868378794949623, 8827480057329800448, 8917857736284717180, 8933857277021588633, 8994607186773536806, 9047129201210338061, 9053318406518648857, 9125265173453751862, 9198819063741704390]

INFO  05:27:38 Cassandra version: 3.9
INFO  05:27:38 Thrift API version: 20.1.0
INFO  05:27:38 CQL supported versions: 3.4.2 (default: 3.4.2)
INFO  05:27:38 Initializing index summary manager with a memory pool size of 71 MB and a resize interval of 60 minutes
INFO  05:27:38 Starting Messaging Service on localhost/127.0.0.1:7000 (lo)
INFO  05:27:38 Loading persisted ring state
INFO  05:27:38 Starting up server gossip
INFO  05:27:38 Updating topology for localhost/127.0.0.1
INFO  05:27:38 Updating topology for localhost/127.0.0.1
INFO  05:27:38 Using saved tokens [-1075322343307755642, -1093048909413284072, -1144349048718071996, -1242756466679283540, -1469469360995387650, -1576615937327689677, -1585502316046911068, -183117560906928451, -1874012944694536800, -1943372469344634312, -1946822574102629489, -206814961081201476, -2180388847376883589, -2229951219170786232, -2473581693296475399, -264605683582069798, -2745998190707433487, -2788105534161176895, -2828442934372259356, -2849924827390655503, -2855883983636819316, -2982147337722289765, -3001413662691588342, -3108681810526319316, -3208500394702528580, -3255830688912152182, -3316384733350591800, -3383063843210147106, -3560086665296621705, -3598230339248872265, -3610650308475537780, -3620252712718180456, -3635546825712072445, -3672837113621939484, -3711125203955440610, -3747435359116545672, -3792895913597306589, -4044777031446198775, -4157829118108011547, -4166557368383161826, -421471364535745989, -4253651657774091911, -4331893496632534940, -4354082861071411019, -4364953394733477877, -4431564574334557018, -443846664315185458, -4458424673724035466, -4586558221137407007, -468078903237929487, -4718595786992170963, -4774276968629968744, -4810250404467606420, -4971577788988359474, -5018761984600323452, -5150574464258280885, -5248956697148777747, -5329915704263102182, -5366452580758040578, -5383002074386488944, -5396500531890079612, -5435083962504975640, -545755075788192268, -5583426797101124129, -5647602840661317500, -5654424011143581863, -5673166535176430552, -5772337706873563350, -5793003476806206590, -5862454395495612149, -590355934160179770, -5939198155133699574, -6051556862004280540, -6064923528685323070, -6093048442990579218, -6142560452964524017, -623460551224590911, -6260136418308099659, -6295665348318643, -6308371279685863830, -637840956167512047, -641851634709444956, -6478913774279111565, -6610123920761540245, -6646776707528404375, -669125670967779894, -6783376399801676098, -6788302587599779013, -6914453414097915120, -6916144292138581956, -6963899857280761422, -7010897726191323819, -7064793682925277634, -7077624744837966894, -7078924869134101456, -7102392680547153449, -7194835856991821682, -7195994678673997182, -720422156945526291, -7342474114649714317, -7374767978383494214, -7435833439075645242, -7511951457630149416, -7512461752657471773, -7625867893438308675, -7629550999679253126, -7723520120009943177, -7947535876735791384, -7987648386108152667, -8075325499394706620, -8106732584167405557, -8199876594462579854, -8316346403418486079, -8355397304545628401, -8429685273961125764, -8440041129288114908, -8443389396544614871, -8475024453741024171, -8511969763080927070, -8715320753706500892, -8736628446973024678, -8762562558397500651, -8779571580566925716, -8804980819440960355, -8903864495918013792, -8972077512864888070, -920407087539963987, -938294524115306427, 1001900211972111092, 1009718437429895309, 1106879931405604569, 1138256437045270096, 1252873663369839606, 1350224528024559423, 1378341353756207623, 1421493026467744839, 1425584785272768277, 1426395090914607260, 1551941178602496146, 1568666598626081334, 1577470529332943848, 1595004646840607109, 1636518214693856043, 1905829250090236007, 1991374857284122005, 2091306174854239028, 2093588494309293968, 2122188403247463414, 2150360902879985837, 2255305436056730555, 2260488508565015392, 2265782538334457544, 2288490315181451589, 2485499503064841429, 2600896832463663318, 2714360747927878608, 2727822597979793230, 2985630067088077461, 3079294651147774836, 3211190197810624129, 3263892797270207523, 3326560516232485018, 3407500794338190365, 3494523682159469793, 355548696780693574, 3663085744734164500, 3702074675163031745, 3747751058404848180, 3884023284924950185, 393662569418180691, 3937243739196059262, 3963506929461229419, 3967900045320559340, 4000230887952198202, 4029653412028152146, 4089736421105391991, 4099107158150608886, 4200089268031039040, 4270004429668727856, 4302277329937769847, 434382540600713822, 435630915511281016, 4398944801218215378, 4535398302449001757, 4620068058678371753, 4712916174899838348, 4745941121945339022, 4899256842587084957, 4900282296325950693, 5007601205000693311, 5024334319721827913, 5266700855680783646, 5271942156362127249, 5272666691207141850, 5483358958313462650, 5514137873638799251, 5563746375851505355, 5659827213106289365, 6085570283832014312, 6135330795277286440, 6218389519087460779, 6240404416624946502, 6458637525852975009, 6463900736277366831, 6528095086156828029, 6611390299134170482, 6632580975073215229, 6633343108518446816, 6678267740220490682, 6874839381988491725, 6911309907502556499, 6978508035549668311, 7026205823739264718, 7061454820343371861, 7090816492962635006, 7114537998137701994, 7117728736182639084, 7123503820110251908, 7266638692131339430, 7273506926909330968, 7289250342730755337, 7307487514789249543, 7461609465551338062, 749390203312574561, 7552155857868676482, 7628808608619219850, 7713604239011132892, 7770541594605433726, 791322631695344538, 7947118244101593887, 7986634181360166045, 804616661451101668, 8051695588204562451, 8200678969854342643, 8283707551099955694, 8375758964769878293, 8418516791895562584, 8494067020909345650, 8519739238460371039, 8550926826065700759, 85593817001689227, 8687972490233312118, 8753624891867743017, 8766314759443754556, 8781868378794949623, 8827480057329800448, 8917857736284717180, 8933857277021588633, 8994607186773536806, 9047129201210338061, 9053318406518648857, 9125265173453751862, 914436210139923626, 9198819063741704390, 932411129597129829, 943600034903245272]
INFO  05:27:39 Node localhost/127.0.0.1 state jump to NORMAL
INFO  05:27:39 Netty using native Epoll event loop
INFO  05:27:39 Using Netty Version: [netty-buffer=netty-buffer-4.0.39.Final.38bdf86, netty-codec=netty-codec-4.0.39.Final.38bdf86, netty-codec-haproxy=netty-codec-haproxy-4.0.39.Final.38bdf86, netty-codec-http=netty-codec-http-4.0.39.Final.38bdf86, netty-codec-socks=netty-codec-socks-4.0.39.Final.38bdf86, netty-common=netty-common-4.0.39.Final.38bdf86, netty-handler=netty-handler-4.0.39.Final.38bdf86, netty-tcnative=netty-tcnative-1.1.33.Fork19.fe4816e, netty-transport=netty-transport-4.0.39.Final.38bdf86, netty-transport-native-epoll=netty-transport-native-epoll-4.0.39.Final.38bdf86, netty-transport-rxtx=netty-transport-rxtx-4.0.39.Final.38bdf86, netty-transport-sctp=netty-transport-sctp-4.0.39.Final.38bdf86, netty-transport-udt=netty-transport-udt-4.0.39.Final.38bdf86]
INFO  05:27:39 Starting listening for CQL clients on localhost/127.0.0.1:9042 (unencrypted)...
INFO  05:27:39 Binding thrift service to localhost/127.0.0.1:9160
INFO  05:27:39 Listening for thrift clients...
INFO  05:27:49 Scheduling approximate time-check task with a precision of 10 milliseconds




[onega@localhost bin]$ ps aux | grep cassandra
onega     4063  0.3  0.6 923992 35904 ?        Sl   21:26   0:00 /usr/share/code/code /usr/share/code/resources/app/out/bootstrap git /home/onega/github/onegaz/toybox/hellocassandra utf8 /usr/share/code/code 1.8.3.1
onega     4229 27.6 28.6 3384712 1705208 pts/1 Sl+  21:27   0:12 /usr/lib/jvm/java/bin/java -Xloggc:apache-cassandra-3.9/bin/../logs/gc.log -ea -XX:+UseThreadPriorities -XX:ThreadPriorityPolicy=42 -XX:+HeapDumpOnOutOfMemoryError -Xss256k -XX:StringTableSize=1000003 -XX:+AlwaysPreTouch -XX:-UseBiasedLocking -XX:+UseTLAB -XX:+ResizeTLAB -XX:+PerfDisableSharedMem -Djava.net.preferIPv4Stack=true -XX:+UseParNewGC -XX:+UseConcMarkSweepGC -XX:+CMSParallelRemarkEnabled -XX:SurvivorRatio=8 -XX:MaxTenuringThreshold=1 -XX:CMSInitiatingOccupancyFraction=75 -XX:+UseCMSInitiatingOccupancyOnly -XX:CMSWaitDuration=10000 -XX:+CMSParallelInitialMarkEnabled -XX:+CMSEdenChunksRecordAlways -XX:+CMSClassUnloadingEnabled -XX:+PrintGCDetails -XX:+PrintGCDateStamps -XX:+PrintHeapAtGC -XX:+PrintTenuringDistribution -XX:+PrintGCApplicationStoppedTime -XX:+PrintPromotionFailure -XX:+UseGCLogFileRotation -XX:NumberOfGCLogFiles=10 -XX:GCLogFileSize=10M -Xms1452M -Xmx1452M -Xmn200M -XX:CompileCommandFile=apache-cassandra-3.9/bin/../conf/hotspot_compiler -javaagent:apache-cassandra-3.9/bin/../lib/jamm-0.3.0.jar -Dcassandra.jmx.local.port=7199 -Dcom.sun.management.jmxremote.authenticate=false -Dcom.sun.management.jmxremote.password.file=/etc/cassandra/jmxremote.password -Djava.library.path=apache-cassandra-3.9/bin/../lib/sigar-bin -Dlogback.configurationFile=logback.xml -Dcassandra.logdir=apache-cassandra-3.9/bin/../logs -Dcassandra.storagedir=apache-cassandra-3.9/bin/../data -Dcassandra-foreground=yes -cp apache-cassandra-3.9/bin/../conf:apache-cassandra-3.9/bin/../build/classes/main:apache-cassandra-3.9/bin/../build/classes/thrift:apache-cassandra-3.9/bin/../lib/airline-0.6.jar:apache-cassandra-3.9/bin/../lib/antlr-runtime-3.5.2.jar:apache-cassandra-3.9/bin/../lib/apache-cassandra-3.9.jar:apache-cassandra-3.9/bin/../lib/apache-cassandra-clientutil-3.9.jar:apache-cassandra-3.9/bin/../lib/apache-cassandra-thrift-3.9.jar:apache-cassandra-3.9/bin/../lib/asm-5.0.4.jar:apache-cassandra-3.9/bin/../lib/caffeine-2.2.6.jar:apache-cassandra-3.9/bin/../lib/cassandra-driver-core-3.0.1-shaded.jar:apache-cassandra-3.9/bin/../lib/commons-cli-1.1.jar:apache-cassandra-3.9/bin/../lib/commons-codec-1.2.jar:apache-cassandra-3.9/bin/../lib/commons-lang3-3.1.jar:apache-cassandra-3.9/bin/../lib/commons-math3-3.2.jar:apache-cassandra-3.9/bin/../lib/compress-lzf-0.8.4.jar:apache-cassandra-3.9/bin/../lib/concurrentlinkedhashmap-lru-1.4.jar:apache-cassandra-3.9/bin/../lib/concurrent-trees-2.4.0.jar:apache-cassandra-3.9/bin/../lib/disruptor-3.0.1.jar:apache-cassandra-3.9/bin/../lib/ecj-4.4.2.jar:apache-cassandra-3.9/bin/../lib/guava-18.0.jar:apache-cassandra-3.9/bin/../lib/HdrHistogram-2.1.9.jar:apache-cassandra-3.9/bin/../lib/high-scale-lib-1.0.6.jar:apache-cassandra-3.9/bin/../lib/hppc-0.5.4.jar:apache-cassandra-3.9/bin/../lib/jackson-core-asl-1.9.2.jar:apache-cassandra-3.9/bin/../lib/jackson-mapper-asl-1.9.2.jar:apache-cassandra-3.9/bin/../lib/jamm-0.3.0.jar:apache-cassandra-3.9/bin/../lib/javax.inject.jar:apache-cassandra-3.9/bin/../lib/jbcrypt-0.3m.jar:apache-cassandra-3.9/bin/../lib/jcl-over-slf4j-1.7.7.jar:apache-cassandra-3.9/bin/../lib/jflex-1.6.0.jar:apache-cassandra-3.9/bin/../lib/jna-4.0.0.jar:apache-cassandra-3.9/bin/../lib/joda-time-2.4.jar:apache-cassandra-3.9/bin/../lib/json-simple-1.1.jar:apache-cassandra-3.9/bin/../lib/libthrift-0.9.2.jar:apache-cassandra-3.9/bin/../lib/log4j-over-slf4j-1.7.7.jar:apache-cassandra-3.9/bin/../lib/logback-classic-1.1.3.jar:apache-cassandra-3.9/bin/../lib/logback-core-1.1.3.jar:apache-cassandra-3.9/bin/../lib/lz4-1.3.0.jar:apache-cassandra-3.9/bin/../lib/metrics-core-3.1.0.jar:apache-cassandra-3.9/bin/../lib/metrics-jvm-3.1.0.jar:apache-cassandra-3.9/bin/../lib/metrics-logback-3.1.0.jar:apache-cassandra-3.9/bin/../lib/netty-all-4.0.39.Final.jar:apache-cassandra-3.9/bin/../lib/ohc-core-0.4.3.jar:apache-cassandra-3.9/bin/../lib/ohc-core-j8-0.4.3.jar:apache-cassandra-3.9/bin/../lib/primitive-1.0.jar:apache-cassandra-3.9/bin/../lib/reporter-config3-3.0.0.jar:apache-cassandra-3.9/bin/../lib/reporter-config-base-3.0.0.jar:apache-cassandra-3.9/bin/../lib/sigar-1.6.4.jar:apache-cassandra-3.9/bin/../lib/s


[onega@localhost bin]$ apache-cassandra-3.9/bin/cqlsh
Connected to Test Cluster at 127.0.0.1:9042.
[cqlsh 5.0.1 | Cassandra 3.9 | CQL spec 3.4.2 | Native protocol v4]
Use HELP for help.
cqlsh> Create keyspace hellocassdra_keyspace with replication={'class':'SimpleStrategy','replication_factor':1}
   ... ;
cqlsh> 

use hellocassdra_keyspace;

cqlsh:hellocassdra_keyspace> CREATE TABLE user_profiles (
                         ...       user_id text PRIMARY KEY,
                         ...       first_name text,
                         ...       last_name text,
                         ...       year_of_birth int
                         ...     ) WITH COMPACT STORAGE;
cqlsh:hellocassdra_keyspace> insert into user_profiles (user_id, first_name, last_name, year_of_birth)
                         ... values('user1', 'first1', 'last1', 2017);
cqlsh:hellocassdra_keyspace> select * from user_profiles;

 user_id | first_name | last_name | year_of_birth
---------+------------+-----------+---------------
   user1 |     first1 |     last1 |          2017

(1 rows)

[onega@localhost hellocassandra]$ make && ./hellocassandra 
g++ -o hellocassandra -g -I gen-cpp -I /home/onega/src/thrift-0.9.3/lib/cpp/src/thrift hellocassandra.cpp gen-cpp/cassandra_types.cpp gen-cpp/cassandra_constants.cpp gen-cpp/Cassandra.cpp -lthrift 
./hellocassandra pid 11449 start
num 0
CqlResult(type=1, rows=[CqlRow(key=, columns=[Column(name=user_id, value=user1, timestamp=<null>, ttl=<null>), Column(name=first_name, value=first1, timestamp=<null>, ttl=<null>), Column(name=last_name, value=last1, timestamp=<null>, ttl=<null>), Column(name=year_of_birth, value=�, timestamp=<null>, ttl=<null>)])], num=<null>, schema=CqlMetadata(name_types={first_name: UTF8Type, last_name: UTF8Type, user_id: UTF8Type, year_of_birth: UTF8Type}, value_types={first_name: org.apache.cassandra.db.marshal.UTF8Type, last_name: org.apache.cassandra.db.marshal.UTF8Type, user_id: org.apache.cassandra.db.marshal.UTF8Type, year_of_birth: org.apache.cassandra.db.marshal.Int32Type}, default_name_type=UTF8Type, default_value_type=UTF8Type))
./hellocassandra exit

